// Jest Snapshot v1, https://goo.gl/fbAQLP

exports[`Snapshot test renders as expected 1`] = `
<div
  className="sidebar"
>
  <p>
    Klasy
  </p>
  <ul>
    <li
      key="1"
    >
      <button
        className="btn"
        id={1}
      >
        grupa
      </button>
    </li>
    <li
      key="2"
    >
      <button
        className="btn"
        id={2}
      >
        grupa42
      </button>
    </li>
  </ul>
</div>
`;
